../Core/Src/main.c:76:5:main	8	static
../Core/Src/main.c:123:6:SystemClock_Config	88	static
../Core/Src/main.c:173:13:MX_ADC1_Init	24	static
../Core/Src/main.c:225:13:MX_USART3_UART_Init	8	static
../Core/Src/main.c:260:13:MX_USB_OTG_FS_PCD_Init	8	static
../Core/Src/main.c:293:13:MX_DMA_Init	16	static
../Core/Src/main.c:311:13:MX_GPIO_Init	56	static
../Core/Src/main.c:372:6:HAL_ADC_ConvHalfCpltCallback	16	static
../Core/Src/main.c:376:6:HAL_ADC_ConvCpltCallback	16	static
../Core/Src/main.c:385:6:Error_Handler	4	static,ignoring_inline_asm
